// Jest Snapshot v1, https://goo.gl/fbAQLP

exports[`VListGroup.js should render a component with no padding for action icon and match snapshot 1`] = `

<div role="list"
     class="v-list theme--light"
>
  <div class="v-list-group">
    <div aria-selected="false"
         role="listitem"
         tabindex="-1"
         class="v-list-group__header v-list-item v-list-item--link theme--light"
    >
      <div class="v-list-item__icon v-list-group__header__append-icon">
        <i aria-hidden="true"
           class="v-icon material-icons theme--light"
        >
          keyboard_arrow_down
        </i>
      </div>
    </div>
    <div class="v-list-group__items"
         style="display: none;"
    >
      <div>
      </div>
    </div>
  </div>
</div>

`;

exports[`VListGroup.js should render a component with route namespace and match snapshot 1`] = `

<div role="list"
     class="v-list theme--light"
>
  <div class="v-list-group">
    <div aria-selected="false"
         role="listitem"
         tabindex="-1"
         class="v-list-group__header v-list-item v-list-item--link theme--light"
    >
      <div class="v-list-item__icon v-list-group__header__append-icon">
        <i aria-hidden="true"
           class="v-icon material-icons theme--light"
        >
          keyboard_arrow_down
        </i>
      </div>
    </div>
    <div class="v-list-group__items"
         style="display: none;"
    >
      <div>
      </div>
    </div>
  </div>
</div>

`;

exports[`VListGroup.js should render a lazy component and match snapshot 1`] = `

<div role="list"
     class="v-list theme--light"
>
  <div class="v-list-group">
    <div aria-selected="false"
         role="listitem"
         tabindex="-1"
         class="v-list-group__header v-list-item v-list-item--link theme--light"
    >
      <div class="v-list-item__icon v-list-group__header__append-icon">
        <i aria-hidden="true"
           class="v-icon material-icons theme--light"
        >
          keyboard_arrow_down
        </i>
      </div>
    </div>
    <div class="v-list-group__items"
         style="display: none;"
    >
      <div>
      </div>
    </div>
  </div>
</div>

`;

exports[`VListGroup.js should render component and match snapshot 1`] = `

<div role="list"
     class="v-list theme--light"
>
  <div class="v-list-group">
    <div aria-selected="false"
         role="listitem"
         tabindex="-1"
         class="v-list-group__header v-list-item v-list-item--link theme--light"
    >
      <div class="v-list-item__icon v-list-group__header__append-icon">
        <i aria-hidden="true"
           class="v-icon material-icons theme--light"
        >
          keyboard_arrow_down
        </i>
      </div>
    </div>
    <div class="v-list-group__items"
         style="display: none;"
    >
      <div>
      </div>
    </div>
  </div>
</div>

`;
